Drill report for antweight-controller-v2-2s.kicad_pcb
Created on 2026-08-05T10:15:35+0200

Copper Layer Stackup:
    =============================================================
    L1 :  F.Cu                      front
    L2 :  B.Cu                      back


Drill file 'antweight-controller-v2-2s-PTH.drl' contains
    plated through holes:
    =============================================================
    T1  0,300mm  0,0118"  (1 hole)
    T2  0,700mm  0,0276"  (1 hole)
    T3  0,800mm  0,0315"  (6 holes)
    T4  1,000mm  0,0394"  (53 holes)
    T5  1,500mm  0,0591"  (2 holes)
    T6  2,500mm  0,0984"  (2 holes)

    Total plated holes count 65


Drill file 'antweight-controller-v2-2s-NPTH.drl' contains
    unplated through holes:
    =============================================================
    T1  0,500mm  0,0197"  (20 holes)
    T2  1,000mm  0,0394"  (6 holes)
    T3  3,000mm  0,1181"  (3 holes)

    Total unplated holes count 29
