** Drc report for antweight-controller-v2-2s.kicad_pcb **
** Created on 2026-08-03T08:55:56+0200 **
** Report includes: Errors, Warnings, Exclusions **

** Found 0 DRC violations **

** Found 20 unconnected pads **
[unconnected_items]: Missing connection between items
    Local override; error
    @(33,2000 mm, 60,0000 mm): PTH pad 2 [GND] of U3
    @(40,5000 mm, 65,0000 mm): PTH pad 2 [GND] of J4
[unconnected_items]: Missing connection between items
    Local override; error
    @(36,2200 mm, 73,8300 mm): PTH pad 2 [GND] of J10
    @(40,5000 mm, 65,0000 mm): PTH pad 2 [GND] of J4
[unconnected_items]: Missing connection between items
    Local override; error
    @(37,6200 mm, 40,5000 mm): PTH pad 5 [GND] of U2
    @(28,9000 mm, 21,5500 mm): Track [GND] on F.Cu, length 2,5400 mm
[unconnected_items]: Missing connection between items
    Local override; error
    @(40,5000 mm, 65,0000 mm): PTH pad 2 [GND] of J4
    @(42,5000 mm, 60,0000 mm): PTH pad 2 [GND] of C1_C2
[unconnected_items]: Missing connection between items
    Local override; error
    @(42,5000 mm, 60,0000 mm): PTH pad 2 [GND] of C1_C2
    @(42,7000 mm, 55,7400 mm): PTH pad 2 [GND] of U2
[unconnected_items]: Missing connection between items
    Local override; error
    @(42,7000 mm, 55,7400 mm): PTH pad 2 [GND] of U2
    @(37,6200 mm, 40,5000 mm): PTH pad 5 [GND] of U2
[unconnected_items]: Missing connection between items
    Local override; error
    @(30,6600 mm, 60,0000 mm): PTH pad 1 [VBAT_SW] of U3
    @(35,7000 mm, 65,0000 mm): PTH pad 2 [VBAT_SW] of SW1
[unconnected_items]: Missing connection between items
    Local override; error
    @(35,7000 mm, 65,0000 mm): PTH pad 2 [VBAT_SW] of SW1
    @(38,5000 mm, 60,0000 mm): PTH pad 1 [VBAT_SW] of C1_C2
[unconnected_items]: Missing connection between items
    Local override; error
    @(38,5000 mm, 60,0000 mm): PTH pad 1 [VBAT_SW] of C1_C2
    @(35,0800 mm, 40,5000 mm): PTH pad 7 [VBAT_SW] of U2
[unconnected_items]: Missing connection between items
    Local override; error
    @(38,7600 mm, 73,8300 mm): PTH pad 3 [VBAT_SW] of J10
    @(35,7000 mm, 65,0000 mm): PTH pad 2 [VBAT_SW] of SW1
[unconnected_items]: Missing connection between items
    Local override; error
    @(33,6800 mm, 73,8300 mm): PTH pad 1 [3V3] of J10
    @(35,7400 mm, 60,0000 mm): PTH pad 3 [3V3] of U3
[unconnected_items]: Missing connection between items
    Local override; error
    @(35,7400 mm, 60,0000 mm): PTH pad 3 [3V3] of U3
    @(28,9000 mm, 24,0900 mm): Track [3V3] on F.Cu, length 2,5400 mm
[unconnected_items]: Missing connection between items
    Local override; error
    @(44,1400 mm, 21,5500 mm): Track [AIN2_GPIO6] on F.Cu, length 2,5400 mm
    @(32,5400 mm, 40,5000 mm): PTH pad 9 [AIN2_GPIO6] of U2
[unconnected_items]: Missing connection between items
    Local override; error
    @(44,1400 mm, 24,0900 mm): Track [AIN1_GPIO7] on F.Cu, length 2,5400 mm
    @(30,0000 mm, 40,5000 mm): PTH pad 11 [AIN1_GPIO7] of U2
[unconnected_items]: Missing connection between items
    Local override; error
    @(44,1400 mm, 29,1700 mm): PTH pad 12 [BIN1_GPIO9] of U1
    @(40,1600 mm, 40,5000 mm): PTH pad 3 [BIN1_GPIO9] of U2
[unconnected_items]: Missing connection between items
    Local override; error
    @(44,1400 mm, 31,7100 mm): PTH pad 11 [BIN2_GPIO10] of U1
    @(42,7000 mm, 40,5000 mm): PTH pad 1 [BIN2_GPIO10] of U2
[unconnected_items]: Missing connection between items
    Local override; error
    @(40,1600 mm, 55,7400 mm): PTH pad 4 [M1A] of U2
    @(47,0000 mm, 48,0000 mm): PTH pad 1 [M1A] of J5
[unconnected_items]: Missing connection between items
    Local override; error
    @(37,6200 mm, 55,7400 mm): PTH pad 6 [M1B] of U2
    @(49,0000 mm, 48,0000 mm): PTH pad 2 [M1B] of J5
[unconnected_items]: Missing connection between items
    Local override; error
    @(25,5000 mm, 48,0000 mm): PTH pad 1 [M2A] of J6
    @(35,0800 mm, 55,7400 mm): PTH pad 8 [M2A] of U2
[unconnected_items]: Missing connection between items
    Local override; error
    @(23,5000 mm, 48,0000 mm): PTH pad 2 [M2B] of J6
    @(32,5400 mm, 55,7400 mm): PTH pad 10 [M2B] of U2

** Found 0 Footprint errors **

** End of Report **
