** Drc report for antweight-controller-v2-2s.kicad_pcb **
** Created on 2026-08-03T09:32:58+0200 **
** Report includes: Errors, Warnings, Exclusions **

** Found 16 DRC violations **
[solder_mask_bridge]: Front solder mask aperture bridges items with different nets
    Rule: board setup solder mask min width; error
    @(30,7000 mm, 75,0000 mm): Track [VBAT_RAW] on F.Cu, length 12,8000 mm
    @(33,6800 mm, 73,8300 mm): PTH pad 1 [3V3] of J10
[solder_mask_bridge]: Front solder mask aperture bridges items with different nets
    Rule: board setup solder mask min width; error
    @(30,7000 mm, 75,0000 mm): Track [VBAT_RAW] on F.Cu, length 12,8000 mm
    @(36,2200 mm, 73,8300 mm): PTH pad 2 [GND] of J10
[solder_mask_bridge]: Front solder mask aperture bridges items with different nets
    Rule: board setup solder mask min width; error
    @(30,7000 mm, 75,0000 mm): Track [VBAT_RAW] on F.Cu, length 12,8000 mm
    @(38,7600 mm, 73,8300 mm): PTH pad 3 [VBAT_SW] of J10
[solder_mask_bridge]: Rear solder mask aperture bridges items with different nets
    Rule: board setup solder mask min width; error
    @(32,5400 mm, 55,7400 mm): Track [M2B] on B.Cu, length 16,2600 mm
    @(30,7000 mm, 65,0000 mm): PTH pad 1 [VBAT_RAW] of SW1
[solder_mask_bridge]: Rear solder mask aperture bridges items with different nets
    Rule: board setup solder mask min width; error
    @(27,0000 mm, 42,0000 mm): Track [VBAT_SW] on B.Cu, length 27,5000 mm
    @(25,5000 mm, 48,0000 mm): PTH pad 1 [M2A] of J6
[solder_mask_bridge]: Rear solder mask aperture bridges items with different nets
    Rule: board setup solder mask min width; error
    @(40,0000 mm, 51,0000 mm): Track [VBAT_SW] on B.Cu, length 10,0000 mm
    @(40,1600 mm, 55,7400 mm): PTH pad 4 [M1A] of U2
[tracks_crossing]: Tracks crossing
    Local override; error
    @(30,7000 mm, 65,0000 mm): Track [VBAT_RAW] on F.Cu, length 10,0000 mm
    @(27,0000 mm, 69,5000 mm): Track [VBAT_SW] on F.Cu, length 11,5000 mm
[shorting_items]: Items shorting two nets (nets VBAT_SW and VBAT_RAW)
    Local override; error
    @(38,7600 mm, 73,8300 mm): PTH pad 3 [VBAT_SW] of J10
    @(30,7000 mm, 75,0000 mm): Track [VBAT_RAW] on F.Cu, length 12,8000 mm
[shorting_items]: Items shorting two nets (nets M2B and VBAT_RAW)
    Local override; error
    @(32,5400 mm, 55,7400 mm): Track [M2B] on B.Cu, length 16,2600 mm
    @(30,7000 mm, 65,0000 mm): PTH pad 1 [VBAT_RAW] of SW1
[shorting_items]: Items shorting two nets (nets M1A and VBAT_SW)
    Local override; error
    @(40,1600 mm, 55,7400 mm): PTH pad 4 [M1A] of U2
    @(40,0000 mm, 51,0000 mm): Track [VBAT_SW] on B.Cu, length 10,0000 mm
[clearance]: Clearance violation ( clearance 0,2000 mm; actual 0,1000 mm)
    Local override; error
    @(32,5400 mm, 40,5000 mm): PTH pad 9 [AIN2_GPIO6] of U2
    @(35,0800 mm, 39,0000 mm): Track [VBAT_SW] on F.Cu, length 8,0800 mm
[shorting_items]: Items shorting two nets (nets VBAT_SW and M2A)
    Local override; error
    @(27,0000 mm, 42,0000 mm): Track [VBAT_SW] on B.Cu, length 27,5000 mm
    @(25,5000 mm, 48,0000 mm): PTH pad 1 [M2A] of J6
[silk_over_copper]: Silkscreen clipped by solder mask
    Local override; warning
    @(41,5200 mm, 74,8300 mm): PCB text 'BAT+' on f.silkscreen
[track_dangling]: Track has unconnected end
    Local override; warning
    @(27,0000 mm, 42,0000 mm): Track [VBAT_SW] on B.Cu, length 27,5000 mm
[track_dangling]: Track has unconnected end
    Local override; warning
    @(27,0000 mm, 69,5000 mm): Track [VBAT_SW] on F.Cu, length 11,5000 mm
[track_dangling]: Track has unconnected end
    Local override; warning
    @(30,5800 mm, 96,0000 mm): Track [VBAT_SW] on B.Cu, length 9,4200 mm

** Found 12 unconnected pads **
[unconnected_items]: Missing connection between items
    Local override; error
    @(28,9000 mm, 21,5500 mm): Track [GND] on F.Cu, length 2,5400 mm
    @(37,6200 mm, 40,5000 mm): PTH pad 5 [GND] of U2
[unconnected_items]: Missing connection between items
    Local override; error
    @(36,2200 mm, 73,8300 mm): PTH pad 2 [GND] of J10
    @(50,5000 mm, 78,0000 mm): PTH pad 2 [GND] of J4
[unconnected_items]: Missing connection between items
    Local override; error
    @(36,2200 mm, 73,8300 mm): PTH pad 2 [GND] of J10
    @(33,1200 mm, 94,0000 mm): PTH pad 4 [GND] of U3
[unconnected_items]: Missing connection between items
    Local override; error
    @(42,7000 mm, 55,7400 mm): PTH pad 2 [GND] of U2
    @(48,0000 mm, 61,0000 mm): PTH pad 2 [GND] of C1_C2
[unconnected_items]: Missing connection between items
    Local override; error
    @(45,5400 mm, 51,0000 mm): PTH pad 2 [GND] of C1_C2
    @(42,7000 mm, 55,7400 mm): PTH pad 2 [GND] of U2
[unconnected_items]: Missing connection between items
    Local override; error
    @(45,5400 mm, 51,0000 mm): PTH pad 2 [GND] of C1_C2
    @(37,6200 mm, 40,5000 mm): PTH pad 5 [GND] of U2
[unconnected_items]: Missing connection between items
    Local override; error
    @(50,5000 mm, 78,0000 mm): PTH pad 2 [GND] of J4
    @(48,0000 mm, 61,0000 mm): PTH pad 2 [GND] of C1_C2
[unconnected_items]: Missing connection between items
    Local override; error
    @(27,0000 mm, 42,0000 mm): Track [VBAT_SW] on B.Cu, length 27,5000 mm
    @(27,0000 mm, 69,5000 mm): Track [VBAT_SW] on F.Cu, length 11,5000 mm
[unconnected_items]: Missing connection between items
    Local override; error
    @(30,5800 mm, 94,0000 mm): Track [VBAT_SW] on B.Cu, length 2,0000 mm
    @(38,7600 mm, 73,8300 mm): PTH pad 3 [VBAT_SW] of J10
[unconnected_items]: Missing connection between items
    Local override; error
    @(38,5000 mm, 69,5000 mm): Track [VBAT_SW] on F.Cu, length 4,5000 mm
    @(38,7600 mm, 73,8300 mm): PTH pad 3 [VBAT_SW] of J10
[unconnected_items]: Missing connection between items
    Local override; error
    @(28,9000 mm, 24,0900 mm): Track [3V3] on F.Cu, length 2,5400 mm
    @(33,6800 mm, 73,8300 mm): PTH pad 1 [3V3] of J10
[unconnected_items]: Missing connection between items
    Local override; error
    @(35,6600 mm, 94,0000 mm): PTH pad 5 [3V3] of U3
    @(33,6800 mm, 73,8300 mm): PTH pad 1 [3V3] of J10

** Found 0 Footprint errors **

** End of Report **
