** Drc report for antweight-controller-v2-2s.kicad_pcb **
** Created on 2026-08-03T09:08:45+0200 **
** Report includes: Errors, Warnings, Exclusions **

** Found 0 DRC violations **

** Found 14 unconnected pads **
[unconnected_items]: Missing connection between items
    Local override; error
    @(33,1200 mm, 94,0000 mm): PTH pad 4 [GND] of U3
    @(36,2200 mm, 73,8300 mm): PTH pad 2 [GND] of J10
[unconnected_items]: Missing connection between items
    Local override; error
    @(36,2200 mm, 73,8300 mm): PTH pad 2 [GND] of J10
    @(50,5000 mm, 67,0000 mm): PTH pad 2 [GND] of J4
[unconnected_items]: Missing connection between items
    Local override; error
    @(37,6200 mm, 40,5000 mm): PTH pad 5 [GND] of U2
    @(28,9000 mm, 21,5500 mm): Track [GND] on F.Cu, length 2,5400 mm
[unconnected_items]: Missing connection between items
    Local override; error
    @(42,7000 mm, 55,7400 mm): PTH pad 2 [GND] of U2
    @(48,0000 mm, 61,0000 mm): PTH pad 2 [GND] of C1_C2
[unconnected_items]: Missing connection between items
    Local override; error
    @(45,5400 mm, 51,0000 mm): PTH pad 2 [GND] of C1_C2
    @(42,7000 mm, 55,7400 mm): PTH pad 2 [GND] of U2
[unconnected_items]: Missing connection between items
    Local override; error
    @(45,5400 mm, 51,0000 mm): PTH pad 2 [GND] of C1_C2
    @(37,6200 mm, 40,5000 mm): PTH pad 5 [GND] of U2
[unconnected_items]: Missing connection between items
    Local override; error
    @(50,5000 mm, 67,0000 mm): PTH pad 2 [GND] of J4
    @(48,0000 mm, 61,0000 mm): PTH pad 2 [GND] of C1_C2
[unconnected_items]: Missing connection between items
    Local override; error
    @(30,5800 mm, 94,0000 mm): PTH pad 3 [VBAT_SW] of U3
    @(38,7600 mm, 73,8300 mm): PTH pad 3 [VBAT_SW] of J10
[unconnected_items]: Missing connection between items
    Local override; error
    @(35,7000 mm, 65,0000 mm): PTH pad 2 [VBAT_SW] of SW1
    @(38,7600 mm, 73,8300 mm): PTH pad 3 [VBAT_SW] of J10
[unconnected_items]: Missing connection between items
    Local override; error
    @(43,0000 mm, 51,0000 mm): PTH pad 1 [VBAT_SW] of C1_C2
    @(35,0800 mm, 40,5000 mm): PTH pad 7 [VBAT_SW] of U2
[unconnected_items]: Missing connection between items
    Local override; error
    @(43,0000 mm, 61,0000 mm): PTH pad 1 [VBAT_SW] of C1_C2
    @(35,7000 mm, 65,0000 mm): PTH pad 2 [VBAT_SW] of SW1
[unconnected_items]: Missing connection between items
    Local override; error
    @(43,0000 mm, 61,0000 mm): PTH pad 1 [VBAT_SW] of C1_C2
    @(43,0000 mm, 51,0000 mm): PTH pad 1 [VBAT_SW] of C1_C2
[unconnected_items]: Missing connection between items
    Local override; error
    @(28,9000 mm, 24,0900 mm): Track [3V3] on F.Cu, length 2,5400 mm
    @(33,6800 mm, 73,8300 mm): PTH pad 1 [3V3] of J10
[unconnected_items]: Missing connection between items
    Local override; error
    @(35,6600 mm, 94,0000 mm): PTH pad 5 [3V3] of U3
    @(33,6800 mm, 73,8300 mm): PTH pad 1 [3V3] of J10

** Found 0 Footprint errors **

** End of Report **
