** Drc report for antweight-controller-v2-2s.kicad_pcb **
** Created on 2026-08-05T10:43:46+0200 **
** Report includes: Errors, Warnings, Exclusions **

** Found 15 DRC violations **
[tracks_crossing]: Tracks crossing
    Local override; error
    @(104,0000 mm, 84,5000 mm): Track [M1B] on F.Cu, length 1,8750 mm
    @(91,5800 mm, 78,8500 mm): Track [VBAT_SW] on F.Cu, length 18,4200 mm
[tracks_crossing]: Tracks crossing
    Local override; error
    @(75,5000 mm, 55,6000 mm): Zone [GND] on B.Cu, priority 0
    @(100,5400 mm, 64,2550 mm): Track [AIN1_GPIO7] on F.Cu, length 2,5400 mm
[tracks_crossing]: Tracks crossing
    Local override; error
    @(75,5000 mm, 55,6000 mm): Zone [GND] on B.Cu, priority 0
    @(100,5400 mm, 64,2550 mm): Track [AIN1_GPIO7] on F.Cu, length 2,5400 mm
[tracks_crossing]: Tracks crossing
    Local override; error
    @(96,6600 mm, 83,0000 mm): Track [BIN1_GPIO9] on F.Cu, length 2,1250 mm
    @(91,5800 mm, 78,8500 mm): Track [VBAT_SW] on F.Cu, length 18,4200 mm
[hole_clearance]: Hole clearance violation (board setup constraints hole clearance 0,2500 mm; actual 0,1000 mm)
    Rule: board setup constraints hole; error
    @(74,7000 mm, 54,8000 mm): Polygon [<no net>] on F.Cu
    @(113,0000 mm, 85,4750 mm): NPTH pad of MB5
[hole_clearance]: Hole clearance violation (board setup constraints hole clearance 0,2500 mm; actual 0,1000 mm)
    Rule: board setup constraints hole; error
    @(74,7000 mm, 54,8000 mm): Polygon [<no net>] on F.Cu
    @(113,0000 mm, 84,6750 mm): NPTH pad of MB5
[hole_clearance]: Hole clearance violation (board setup constraints hole clearance 0,2500 mm; actual 0,1000 mm)
    Rule: board setup constraints hole; error
    @(74,7000 mm, 54,8000 mm): Polygon [<no net>] on F.Cu
    @(113,0000 mm, 83,8750 mm): NPTH pad of MB5
[hole_clearance]: Hole clearance violation (board setup constraints hole clearance 0,2500 mm; actual 0,1000 mm)
    Rule: board setup constraints hole; error
    @(74,7000 mm, 54,8000 mm): Polygon [<no net>] on F.Cu
    @(113,0000 mm, 83,0750 mm): NPTH pad of MB5
[hole_clearance]: Hole clearance violation (board setup constraints hole clearance 0,2500 mm; actual 0,1000 mm)
    Rule: board setup constraints hole; error
    @(74,7000 mm, 54,8000 mm): Polygon [<no net>] on F.Cu
    @(113,0000 mm, 82,2750 mm): NPTH pad of MB5
[silk_over_copper]: Silkscreen clipped by solder mask
    Local override; warning
    @(94,0000 mm, 106,8000 mm): PCB text 'B+' on f.silkscreen
[hole_to_hole]: Drilled hole too close to other hole (board setup constraints min 0,2495 mm; actual 0,0000 mm)
    Rule: board setup constraints; warning
    @(113,0000 mm, 85,4750 mm): NPTH pad of MB5
    @(113,0000 mm, 84,6750 mm): NPTH pad of MB5
[hole_to_hole]: Drilled hole too close to other hole (board setup constraints min 0,2495 mm; actual 0,0000 mm)
    Rule: board setup constraints; warning
    @(113,0000 mm, 84,6750 mm): NPTH pad of MB5
    @(113,0000 mm, 83,8750 mm): NPTH pad of MB5
[hole_to_hole]: Drilled hole too close to other hole (board setup constraints min 0,2495 mm; actual 0,0000 mm)
    Rule: board setup constraints; warning
    @(113,0000 mm, 83,0750 mm): NPTH pad of MB5
    @(113,0000 mm, 83,8750 mm): NPTH pad of MB5
[hole_to_hole]: Drilled hole too close to other hole (board setup constraints min 0,2495 mm; actual 0,0000 mm)
    Rule: board setup constraints; warning
    @(113,0000 mm, 82,2750 mm): NPTH pad of MB5
    @(113,0000 mm, 83,0750 mm): NPTH pad of MB5
[padstack]: Padstack is questionable (SMD pad has copper on both sides of the board)
    Local override; warning
    @(113,7600 mm, 48,5000 mm): Pad 1 [<no net>] of FD2 on all copper layers

** Found 0 unconnected pads **

** Found 0 Footprint errors **

** End of Report **
